// Jest Snapshot v1, https://goo.gl/fbAQLP

exports[`CoverflowGallery renders correctly 1`] = `ShallowWrapper {}`;
