// Jest Snapshot v1, https://goo.gl/fbAQLP

exports[`KRMonogramSVG renders correctly 1`] = `ShallowWrapper {}`;
