// Jest Snapshot v1, https://goo.gl/fbAQLP

exports[`LiveButton renders correctly 1`] = `ShallowWrapper {}`;
