// Jest Snapshot v1, https://goo.gl/fbAQLP

exports[`MainImageGallery renders correctly 1`] = `ShallowWrapper {}`;
