// Jest Snapshot v1, https://goo.gl/fbAQLP

exports[`OECodeSamplesList renders correctly 1`] = `ShallowWrapper {}`;
