// Jest Snapshot v1, https://goo.gl/fbAQLP

exports[`PagesList renders correctly 1`] = `ShallowWrapper {}`;
