// Jest Snapshot v1, https://goo.gl/fbAQLP

exports[`PostList renders correctly 1`] = `ShallowWrapper {}`;
