// Jest Snapshot v1, https://goo.gl/fbAQLP

exports[`ProjectLinksList renders correctly 1`] = `ShallowWrapper {}`;
