// Jest Snapshot v1, https://goo.gl/fbAQLP

exports[`SimpleCard renders correctly 1`] = `ShallowWrapper {}`;
