// Jest Snapshot v1, https://goo.gl/fbAQLP

exports[`SocialLinksList renders correctly 1`] = `ShallowWrapper {}`;
