// Jest Snapshot v1, https://goo.gl/fbAQLP

exports[`VideoBackground renders correctly 1`] = `ShallowWrapper {}`;
